ARM Linker, RVCT4.0 [Build 728] [Standard]

==============================================================================

Section Cross References

    startup_lpc17xx.o(STACK) refers (Special) to heapauxi.o(.text) for __use_two_region_memory
    startup_lpc17xx.o(HEAP) refers (Special) to heapauxi.o(.text) for __use_two_region_memory
    startup_lpc17xx.o(RESET) refers (Special) to heapauxi.o(.text) for __use_two_region_memory
    startup_lpc17xx.o(RESET) refers to startup_lpc17xx.o(STACK) for __initial_sp
    startup_lpc17xx.o(RESET) refers to startup_lpc17xx.o(.text) for Reset_Handler
    startup_lpc17xx.o(RESET) refers to timer.o(.text) for TIMER0_IRQHandler
    startup_lpc17xx.o(RESET) refers to uart.o(.text) for UART3_IRQHandler
    startup_lpc17xx.o(RESET) refers to gpio.o(.text) for EINT3_IRQHandler
    startup_lpc17xx.o(.ARM.__at_0x02FC) refers (Special) to heapauxi.o(.text) for __use_two_region_memory
    startup_lpc17xx.o(.text) refers (Special) to heapauxi.o(.text) for __use_two_region_memory
    startup_lpc17xx.o(.text) refers to __main.o(!!!main) for __main
    startup_lpc17xx.o(.text) refers to startup_lpc17xx.o(HEAP) for Heap_Mem
    startup_lpc17xx.o(.text) refers to startup_lpc17xx.o(STACK) for Stack_Mem
    lpc17xx_timer.o(.text) refers to lpc17xx_clkpwr.o(.text) for CLKPWR_GetPCLK
    lpc17xx_timer.o(.text) refers to lludivv7m.o(.text) for __aeabi_uldivmod
    lpc17xx_timer.o(.text) refers to main.o(.text) for check_failed
    lpc17xx_uart.o(.text) refers to lpc17xx_clkpwr.o(.text) for CLKPWR_GetPCLK
    lpc17xx_uart.o(.text) refers to lludivv7m.o(.text) for __aeabi_uldivmod
    lpc17xx_uart.o(.text) refers to main.o(.text) for check_failed
    lpc17xx_iap.o(.text) refers to lpc17xx_iap.o(.data) for iap_entry
    lpc17xx_iap.o(.text) refers to system_lpc17xx.o(.data) for SystemCoreClock
    lpc17xx_clkpwr.o(.text) refers to system_lpc17xx.o(.data) for SystemCoreClock
    lpc17xx_pwm.o(.text) refers to main.o(.text) for check_failed
    lpc17xx_pwm.o(.text) refers to lpc17xx_clkpwr.o(.text) for CLKPWR_ConfigPPWR
    lpc17xx_pwm.o(.text) refers to lludivv7m.o(.text) for __aeabi_uldivmod
    system_lpc17xx.o(.text) refers to system_lpc17xx.o(.data) for SystemCoreClock
    main.o(.text) refers to system_lpc17xx.o(.text) for SystemInit
    main.o(.text) refers to gpio.o(.text) for GPIOInit
    main.o(.text) refers to pwm.o(.text) for PWMInit
    main.o(.text) refers to uart.o(.text) for UartInit
    main.o(.text) refers to timer.o(.text) for TimerInit
    main.o(.text) refers to motor.o(.text) for MotorParamReset
    main.o(.text) refers to dispose.o(.text) for Dispose
    dispose.o(.text) refers to uart.o(.text) for UART3SendData
    dispose.o(.text) refers to motor.o(.text) for MotorParamReset
    dispose.o(.text) refers to uart.o(.bss) for FifoBuff
    dispose.o(.text) refers to uart.o(.data) for FifoTail
    dispose.o(.text) refers to dispose.o(.data) for .data
    dispose.o(.text) refers to motor.o(.data) for g_MotorParam
    motor.o(.text) refers to gpio.o(.text) for SetPinValue
    motor.o(.text) refers to pwm.o(.text) for SetPMWFreq
    motor.o(.text) refers to timer.o(.text) for ResetTimer
    motor.o(.text) refers to motor.o(.data) for g_MotorParam
    motor.o(.text) refers to gpio.o(.data) for EINT_Flag
    motor.o(.text) refers to timer.o(.data) for timer_value
    gpio.o(.text) refers to lpc17xx_gpio.o(.text) for FIO_SetDir
    gpio.o(.text) refers to gpio.o(.data) for EINT_Flag
    pwm.o(.text) refers to lpc17xx_pinsel.o(.text) for PINSEL_ConfigPin
    pwm.o(.text) refers to lpc17xx_pwm.o(.text) for PWM_Init
    pwm.o(.text) refers to fdiv.o(x$fpl$fdiv) for __aeabi_fdiv
    pwm.o(.text) refers to ffixu.o(x$fpl$ffixu) for __aeabi_f2uiz
    pwm.o(.text) refers to pwm.o(.data) for pwm_flag
    uart.o(.text) refers to lpc17xx_pinsel.o(.text) for PINSEL_ConfigPin
    uart.o(.text) refers to lpc17xx_uart.o(.text) for UART_Init
    uart.o(.text) refers to uart.o(.data) for FifoHead
    uart.o(.text) refers to uart.o(.bss) for FifoBuff
    timer.o(.text) refers to lpc17xx_timer.o(.text) for TIM_Init
    timer.o(.text) refers to uart.o(.text) for UART3SendData
    timer.o(.text) refers to timer.o(.data) for timer_value
    __main.o(!!!main) refers to rtentry.o(.ARM.Collect$$rtentry$$00000000) for __rt_entry
    fdiv.o(x$fpl$frdiv) refers (Special) to usenofp.o(x$fpl$usenofp) for __I$use$fp
    fdiv.o(x$fpl$frdiv) refers (Special) to fnorm2_clz.o(x$fpl$fnorm2) for __fpl_normalise2
    fdiv.o(x$fpl$frdiv) refers (Special) to funder.o(x$fpl$funder) for __funder
    fdiv.o(x$fpl$frdiv) refers to fdiv.o(x$fpl$fdiv) for _fdiv1
    fdiv.o(x$fpl$fdiv) refers (Special) to usenofp.o(x$fpl$usenofp) for __I$use$fp
    fdiv.o(x$fpl$fdiv) refers (Special) to fnorm2_clz.o(x$fpl$fnorm2) for __fpl_normalise2
    fdiv.o(x$fpl$fdiv) refers (Special) to funder.o(x$fpl$funder) for __funder
    fdiv.o(x$fpl$fdiv) refers to fcheck.o(x$fpl$fcheck) for __fpl_fcheck_NaN2
    ffixu.o(x$fpl$ffixu) refers (Special) to usenofp.o(x$fpl$usenofp) for __I$use$fp
    ffixu.o(x$fpl$ffixu) refers to fcheck1.o(x$fpl$fcheck1) for __fpl_fcheck_NaN1
    ffixu.o(x$fpl$ffixur) refers (Special) to usenofp.o(x$fpl$usenofp) for __I$use$fp
    ffixu.o(x$fpl$ffixur) refers to fcheck1.o(x$fpl$fcheck1) for __fpl_fcheck_NaN1
    rtentry.o(.ARM.Collect$$rtentry$$00000000) refers (Special) to rtentry2.o(.ARM.Collect$$rtentry$$0000000A) for __rt_entry_li
    rtentry.o(.ARM.Collect$$rtentry$$00000000) refers (Special) to rtentry2.o(.ARM.Collect$$rtentry$$0000000D) for __rt_entry_main
    rtentry.o(.ARM.Collect$$rtentry$$00000000) refers (Special) to rtentry2.o(.ARM.Collect$$rtentry$$0000000C) for __rt_entry_postli_1
    rtentry.o(.ARM.Collect$$rtentry$$00000000) refers (Special) to rtentry2.o(.ARM.Collect$$rtentry$$00000009) for __rt_entry_postsh_1
    rtentry.o(.ARM.Collect$$rtentry$$00000000) refers (Special) to rtentry2.o(.ARM.Collect$$rtentry$$00000002) for __rt_entry_presh_1
    rtentry.o(.ARM.Collect$$rtentry$$00000000) refers (Special) to rtentry4.o(.ARM.Collect$$rtentry$$00000004) for __rt_entry_sh
    rtentry.o(.ARM.exidx) refers (Special) to rtentry2.o(.ARM.Collect$$rtentry$$0000000A) for __rt_entry_li
    rtentry.o(.ARM.exidx) refers (Special) to rtentry2.o(.ARM.Collect$$rtentry$$0000000D) for __rt_entry_main
    rtentry.o(.ARM.exidx) refers (Special) to rtentry2.o(.ARM.Collect$$rtentry$$0000000C) for __rt_entry_postli_1
    rtentry.o(.ARM.exidx) refers (Special) to rtentry2.o(.ARM.Collect$$rtentry$$00000009) for __rt_entry_postsh_1
    rtentry.o(.ARM.exidx) refers (Special) to rtentry2.o(.ARM.Collect$$rtentry$$00000002) for __rt_entry_presh_1
    rtentry.o(.ARM.exidx) refers (Special) to rtentry4.o(.ARM.Collect$$rtentry$$00000004) for __rt_entry_sh
    rtentry.o(.ARM.exidx) refers to rtentry.o(.ARM.Collect$$rtentry$$00000000) for .ARM.Collect$$rtentry$$00000000
    aeabi_ldiv0_sigfpe.o(.text) refers to rt_div0.o(.text) for __rt_div0
    fcheck.o(x$fpl$fcheck) refers (Special) to usenofp.o(x$fpl$usenofp) for __I$use$fp
    fcheck.o(x$fpl$fcheck) refers to retnan.o(x$fpl$retnan) for __fpl_return_NaN
    fcheck1.o(x$fpl$fcheck1) refers (Special) to usenofp.o(x$fpl$usenofp) for __I$use$fp
    fcheck1.o(x$fpl$fcheck1) refers to retnan.o(x$fpl$retnan) for __fpl_return_NaN
    fnorm2_clz.o(x$fpl$fnorm2) refers (Special) to usenofp.o(x$fpl$usenofp) for __I$use$fp
    funder.o(x$fpl$funder) refers (Special) to usenofp.o(x$fpl$usenofp) for __I$use$fp
    rtentry2.o(.ARM.Collect$$rtentry$$00000008) refers to boardinit2.o(.text) for _platform_post_stackheap_init
    rtentry2.o(.ARM.Collect$$rtentry$$0000000A) refers to libinit.o(.ARM.Collect$$libinit$$00000000) for __rt_lib_init
    rtentry2.o(.ARM.Collect$$rtentry$$0000000B) refers to boardinit3.o(.text) for _platform_post_lib_init
    rtentry2.o(.ARM.Collect$$rtentry$$0000000D) refers to main.o(.text) for main
    rtentry2.o(.ARM.Collect$$rtentry$$0000000D) refers to exit.o(.text) for exit
    rtentry2.o(.ARM.exidx) refers to rtentry2.o(.ARM.Collect$$rtentry$$00000001) for .ARM.Collect$$rtentry$$00000001
    rtentry2.o(.ARM.exidx) refers to rtentry2.o(.ARM.Collect$$rtentry$$00000002) for .ARM.Collect$$rtentry$$00000002
    rtentry2.o(.ARM.exidx) refers to rtentry2.o(.ARM.Collect$$rtentry$$00000008) for .ARM.Collect$$rtentry$$00000008
    rtentry2.o(.ARM.exidx) refers to rtentry2.o(.ARM.Collect$$rtentry$$00000009) for .ARM.Collect$$rtentry$$00000009
    rtentry2.o(.ARM.exidx) refers to rtentry2.o(.ARM.Collect$$rtentry$$0000000A) for .ARM.Collect$$rtentry$$0000000A
    rtentry2.o(.ARM.exidx) refers to rtentry2.o(.ARM.Collect$$rtentry$$0000000B) for .ARM.Collect$$rtentry$$0000000B
    rtentry2.o(.ARM.exidx) refers to rtentry2.o(.ARM.Collect$$rtentry$$0000000C) for .ARM.Collect$$rtentry$$0000000C
    rtentry2.o(.ARM.exidx) refers to rtentry2.o(.ARM.Collect$$rtentry$$0000000D) for .ARM.Collect$$rtentry$$0000000D
    rtentry4.o(.ARM.Collect$$rtentry$$00000004) refers to sys_stackheap_outer.o(.text) for __user_setup_stackheap
    rtentry4.o(.ARM.exidx) refers to rtentry4.o(.ARM.Collect$$rtentry$$00000004) for .ARM.Collect$$rtentry$$00000004
    rt_div0.o(.text) refers to defsig_fpe_outer.o(.text) for __rt_SIGFPE
    retnan.o(x$fpl$retnan) refers (Special) to usenofp.o(x$fpl$usenofp) for __I$use$fp
    retnan.o(x$fpl$retnan) refers to trapv.o(x$fpl$trapveneer) for __fpl_cmpreturn
    sys_stackheap_outer.o(.text) refers to libspace.o(.text) for __user_perproc_libspace
    sys_stackheap_outer.o(.text) refers to startup_lpc17xx.o(.text) for __user_initial_stackheap
    exit.o(.text) refers to rtexit.o(.ARM.Collect$$rtexit$$00000000) for __rt_exit
    defsig_fpe_outer.o(.text) refers to defsig_fpe_inner.o(.text) for __rt_SIGFPE_inner
    defsig_fpe_outer.o(.text) refers to defsig_exit.o(.text) for __sig_exit
    defsig_fpe_formal.o(.text) refers to rt_raise.o(.text) for __rt_raise
    libinit.o(.ARM.Collect$$libinit$$00000000) refers (Special) to libinit2.o(.ARM.Collect$$libinit$$0000002A) for __rt_lib_init_alloca_1
    libinit.o(.ARM.Collect$$libinit$$00000000) refers (Special) to libinit2.o(.ARM.Collect$$libinit$$00000028) for __rt_lib_init_argv_1
    libinit.o(.ARM.Collect$$libinit$$00000000) refers (Special) to libinit2.o(.ARM.Collect$$libinit$$00000017) for __rt_lib_init_atexit_1
    libinit.o(.ARM.Collect$$libinit$$00000000) refers (Special) to libinit2.o(.ARM.Collect$$libinit$$0000001D) for __rt_lib_init_clock_1
    libinit.o(.ARM.Collect$$libinit$$00000000) refers (Special) to libinit2.o(.ARM.Collect$$libinit$$0000002E) for __rt_lib_init_cpp_1
    libinit.o(.ARM.Collect$$libinit$$00000000) refers (Special) to libinit2.o(.ARM.Collect$$libinit$$0000002C) for __rt_lib_init_exceptions_1
    libinit.o(.ARM.Collect$$libinit$$00000000) refers (Special) to libinit2.o(.ARM.Collect$$libinit$$0000001B) for __rt_lib_init_fp_trap_1
    libinit.o(.ARM.Collect$$libinit$$00000000) refers (Special) to libinit2.o(.ARM.Collect$$libinit$$0000001F) for __rt_lib_init_getenv_1
    libinit.o(.ARM.Collect$$libinit$$00000000) refers (Special) to libinit2.o(.ARM.Collect$$libinit$$00000006) for __rt_lib_init_heap_1
    libinit.o(.ARM.Collect$$libinit$$00000000) refers (Special) to libinit2.o(.ARM.Collect$$libinit$$0000000D) for __rt_lib_init_lc_collate_1
    libinit.o(.ARM.Collect$$libinit$$00000000) refers (Special) to libinit2.o(.ARM.Collect$$libinit$$0000000F) for __rt_lib_init_lc_ctype_1
    libinit.o(.ARM.Collect$$libinit$$00000000) refers (Special) to libinit2.o(.ARM.Collect$$libinit$$00000011) for __rt_lib_init_lc_monetary_1
    libinit.o(.ARM.Collect$$libinit$$00000000) refers (Special) to libinit2.o(.ARM.Collect$$libinit$$00000013) for __rt_lib_init_lc_numeric_1
    libinit.o(.ARM.Collect$$libinit$$00000000) refers (Special) to libinit2.o(.ARM.Collect$$libinit$$00000015) for __rt_lib_init_lc_time_1
    libinit.o(.ARM.Collect$$libinit$$00000000) refers (Special) to libinit2.o(.ARM.Collect$$libinit$$0000000A) for __rt_lib_init_rand_1
    libinit.o(.ARM.Collect$$libinit$$00000000) refers (Special) to libinit2.o(.ARM.Collect$$libinit$$0000002F) for __rt_lib_init_return
    libinit.o(.ARM.Collect$$libinit$$00000000) refers (Special) to libinit2.o(.ARM.Collect$$libinit$$00000019) for __rt_lib_init_signal_1
    libinit.o(.ARM.Collect$$libinit$$00000000) refers (Special) to libinit2.o(.ARM.Collect$$libinit$$00000021) for __rt_lib_init_stdio_1
    libinit.o(.ARM.Collect$$libinit$$00000000) refers (Special) to libinit2.o(.ARM.Collect$$libinit$$00000008) for __rt_lib_init_user_alloc_1
    libinit.o(.ARM.Collect$$libinit$$00000000) refers to fpinit.o(x$fpl$fpinit) for _fp_init
    trapv.o(x$fpl$trapveneer) refers (Special) to usenofp.o(x$fpl$usenofp) for __I$use$fp
    libspace.o(.text) refers to libspace.o(.bss) for __libspace_start
    rtexit.o(.ARM.Collect$$rtexit$$00000000) refers (Special) to rtexit2.o(.ARM.Collect$$rtexit$$00000004) for __rt_exit_exit
    rtexit.o(.ARM.Collect$$rtexit$$00000000) refers (Special) to rtexit2.o(.ARM.Collect$$rtexit$$00000003) for __rt_exit_ls
    rtexit.o(.ARM.Collect$$rtexit$$00000000) refers (Special) to rtexit2.o(.ARM.Collect$$rtexit$$00000002) for __rt_exit_prels_1
    rtexit.o(.ARM.exidx) refers (Special) to rtexit2.o(.ARM.Collect$$rtexit$$00000004) for __rt_exit_exit
    rtexit.o(.ARM.exidx) refers (Special) to rtexit2.o(.ARM.Collect$$rtexit$$00000003) for __rt_exit_ls
    rtexit.o(.ARM.exidx) refers (Special) to rtexit2.o(.ARM.Collect$$rtexit$$00000002) for __rt_exit_prels_1
    rtexit.o(.ARM.exidx) refers to rtexit.o(.ARM.Collect$$rtexit$$00000000) for .ARM.Collect$$rtexit$$00000000
    rt_raise.o(.text) refers to __raise.o(.text) for __raise
    rt_raise.o(.text) refers to sys_exit.o(.text) for _sys_exit
    defsig_exit.o(.text) refers to sys_exit.o(.text) for _sys_exit
    defsig_fpe_inner.o(.text) refers to defsig_general.o(.text) for __default_signal_display
    libinit2.o(.ARM.Collect$$libinit$$0000000C) refers to libinit2.o(.ARM.Collect$$libinit$$0000000B) for .ARM.Collect$$libinit$$0000000B
    libinit2.o(.ARM.Collect$$libinit$$0000000E) refers to libinit2.o(.ARM.Collect$$libinit$$0000000B) for .ARM.Collect$$libinit$$0000000B
    libinit2.o(.ARM.Collect$$libinit$$00000010) refers to libinit2.o(.ARM.Collect$$libinit$$0000000B) for .ARM.Collect$$libinit$$0000000B
    libinit2.o(.ARM.Collect$$libinit$$00000012) refers to libinit2.o(.ARM.Collect$$libinit$$0000000B) for .ARM.Collect$$libinit$$0000000B
    libinit2.o(.ARM.Collect$$libinit$$00000014) refers to libinit2.o(.ARM.Collect$$libinit$$0000000B) for .ARM.Collect$$libinit$$0000000B
    libinit2.o(.ARM.Collect$$libinit$$00000022) refers to argv_veneer.o(.emb_text) for __ARM_argv_veneer
    libinit2.o(.ARM.Collect$$libinit$$00000023) refers to argv_veneer.o(.emb_text) for __ARM_argv_veneer
    fpinit.o(x$fpl$fpinit) refers to rt_fp_status_addr_intlibspace.o(.text) for __rt_fp_status_addr
    sys_exit.o(.text) refers to use_no_semi.o(.text) for __I$use$semihosting
    rtexit2.o(.ARM.Collect$$rtexit$$00000003) refers to libshutdown.o(.ARM.Collect$$libshutdown$$00000000) for __rt_lib_shutdown
    rtexit2.o(.ARM.Collect$$rtexit$$00000004) refers to sys_exit.o(.text) for _sys_exit
    rtexit2.o(.ARM.exidx) refers to rtexit2.o(.ARM.Collect$$rtexit$$00000001) for .ARM.Collect$$rtexit$$00000001
    rtexit2.o(.ARM.exidx) refers to rtexit2.o(.ARM.Collect$$rtexit$$00000002) for .ARM.Collect$$rtexit$$00000002
    rtexit2.o(.ARM.exidx) refers to rtexit2.o(.ARM.Collect$$rtexit$$00000003) for .ARM.Collect$$rtexit$$00000003
    rtexit2.o(.ARM.exidx) refers to rtexit2.o(.ARM.Collect$$rtexit$$00000004) for .ARM.Collect$$rtexit$$00000004
    rt_fp_status_addr.o(.text) refers to rt_fp_status_addr.o(.bss) for __rt_fp_status_addr_data
    rt_fp_status_addr_intlibspace.o(.text) refers to libspace.o(.bss) for __libspace_start
    __raise.o(.text) refers to defsig.o(CL$$defsig) for __default_signal_handler
    defsig_general.o(.text) refers to sys_wrch.o(.text) for _ttywrch
    argv_veneer.o(.emb_text) refers to no_argv.o(.text) for __ARM_get_argv
    sys_wrch.o(.text) refers (Special) to use_no_semi.o(.text) for __I$use$semihosting
    defsig.o(CL$$defsig) refers to defsig_fpe_inner.o(.text) for __rt_SIGFPE_inner
    defsig.o(CL$$defsig) refers to defsig_rtmem_inner.o(.text) for __rt_SIGRTMEM_inner
    _get_argv_nomalloc.o(.text) refers (Special) to hrguard.o(.text) for __heap_region$guard
    _get_argv_nomalloc.o(.text) refers to defsig_rtmem_outer.o(.text) for __rt_SIGRTMEM
    _get_argv_nomalloc.o(.text) refers to sys_command.o(.text) for _sys_command_string
    libshutdown.o(.ARM.Collect$$libshutdown$$00000000) refers (Special) to libshutdown2.o(.ARM.Collect$$libshutdown$$00000006) for __rt_lib_shutdown_fp_trap_1
    libshutdown.o(.ARM.Collect$$libshutdown$$00000000) refers (Special) to libshutdown2.o(.ARM.Collect$$libshutdown$$0000000E) for __rt_lib_shutdown_heap_1
    libshutdown.o(.ARM.Collect$$libshutdown$$00000000) refers (Special) to libshutdown2.o(.ARM.Collect$$libshutdown$$0000000F) for __rt_lib_shutdown_return
    libshutdown.o(.ARM.Collect$$libshutdown$$00000000) refers (Special) to libshutdown2.o(.ARM.Collect$$libshutdown$$00000009) for __rt_lib_shutdown_signal_1
    libshutdown.o(.ARM.Collect$$libshutdown$$00000000) refers (Special) to libshutdown2.o(.ARM.Collect$$libshutdown$$00000003) for __rt_lib_shutdown_stdio_1
    libshutdown.o(.ARM.Collect$$libshutdown$$00000000) refers (Special) to libshutdown2.o(.ARM.Collect$$libshutdown$$0000000B) for __rt_lib_shutdown_user_alloc_1
    sys_command.o(.text) refers (Special) to use_no_semi.o(.text) for __I$use$semihosting
    defsig_abrt_inner.o(.text) refers to defsig_general.o(.text) for __default_signal_display
    defsig_rtred_inner.o(.text) refers to defsig_general.o(.text) for __default_signal_display
    defsig_rtmem_inner.o(.text) refers to defsig_general.o(.text) for __default_signal_display
    defsig_rtmem_outer.o(.text) refers to defsig_rtmem_inner.o(.text) for __rt_SIGRTMEM_inner
    defsig_rtmem_outer.o(.text) refers to defsig_exit.o(.text) for __sig_exit
    defsig_rtmem_formal.o(.text) refers to rt_raise.o(.text) for __rt_raise
    defsig_stak_inner.o(.text) refers to defsig_general.o(.text) for __default_signal_display
    defsig_pvfn_inner.o(.text) refers to defsig_general.o(.text) for __default_signal_display
    defsig_cppl_inner.o(.text) refers to defsig_general.o(.text) for __default_signal_display
    defsig_segv_inner.o(.text) refers to defsig_general.o(.text) for __default_signal_display
    defsig_other.o(.text) refers to defsig_general.o(.text) for __default_signal_display


==============================================================================

Removing Unused input sections from the image.

    Removing lpc17xx_iap.o(.text), (464 bytes).
    Removing lpc17xx_iap.o(.data), (4 bytes).
    Removing lpc17xx_nvic.o(.text), (200 bytes).

3 unused section(s) (total 668 bytes) removed from the image.

==============================================================================

Image Symbol Table

    Local Symbols

    Symbol Name                              Value     Ov Type        Size  Object(Section)

    RESET                                    0x00000000   Section      204  startup_lpc17xx.o(RESET)
    ../../angel/boardlib.s                   0x00000000   Number         0  boardinit1.o ABSOLUTE
    ../../angel/boardlib.s                   0x00000000   Number         0  boardinit2.o ABSOLUTE
    ../../angel/boardlib.s                   0x00000000   Number         0  boardshut.o ABSOLUTE
    ../../angel/boardlib.s                   0x00000000   Number         0  boardinit3.o ABSOLUTE
    ../../angel/handlers.s                   0x00000000   Number         0  __scatter_zi.o ABSOLUTE
    ../../angel/handlers.s                   0x00000000   Number         0  __scatter_copy.o ABSOLUTE
    ../../angel/kernel.s                     0x00000000   Number         0  rtentry4.o ABSOLUTE
    ../../angel/kernel.s                     0x00000000   Number         0  rtentry2.o ABSOLUTE
    ../../angel/kernel.s                     0x00000000   Number         0  rtexit2.o ABSOLUTE
    ../../angel/kernel.s                     0x00000000   Number         0  rtentry.o ABSOLUTE
    ../../angel/kernel.s                     0x00000000   Number         0  rtexit.o ABSOLUTE
    ../../angel/rt.s                         0x00000000   Number         0  rt_fp_status_addr_intlibspace.o ABSOLUTE
    ../../angel/rt.s                         0x00000000   Number         0  aeabi_ldiv0.o ABSOLUTE
    ../../angel/rt.s                         0x00000000   Number         0  aeabi_ldiv0_sigfpe.o ABSOLUTE
    ../../angel/rt.s                         0x00000000   Number         0  rt_fp_status_addr.o ABSOLUTE
    ../../angel/rt.s                         0x00000000   Number         0  rt_raise.o ABSOLUTE
    ../../angel/rt.s                         0x00000000   Number         0  rt_div0.o ABSOLUTE
    ../../angel/scatter.s                    0x00000000   Number         0  __scatter.o ABSOLUTE
    ../../angel/startup.s                    0x00000000   Number         0  __main.o ABSOLUTE
    ../../angel/sys.s                        0x00000000   Number         0  libspace.o ABSOLUTE
    ../../angel/sys.s                        0x00000000   Number         0  sys_stackheap_outer.o ABSOLUTE
    ../../angel/sys.s                        0x00000000   Number         0  sys_exit.o ABSOLUTE
    ../../angel/sys.s                        0x00000000   Number         0  use_no_semi.o ABSOLUTE
    ../../angel/sysapp.c                     0x00000000   Number         0  sys_command.o ABSOLUTE
    ../../angel/sysapp.c                     0x00000000   Number         0  sys_wrch.o ABSOLUTE
    ../../armsys.c                           0x00000000   Number         0  argv_veneer.o ABSOLUTE
    ../../armsys.c                           0x00000000   Number         0  no_argv.o ABSOLUTE
    ../../armsys.c                           0x00000000   Number         0  _get_argv_nomalloc.o ABSOLUTE
    ../../armsys.c                           0x00000000   Number         0  argv_veneer.o ABSOLUTE
    ../../fcheck.s                           0x00000000   Number         0  fcheck.o ABSOLUTE
    ../../fcheck1.s                          0x00000000   Number         0  fcheck1.o ABSOLUTE
    ../../fdiv.s                             0x00000000   Number         0  fdiv.o ABSOLUTE
    ../../ffixu.s                            0x00000000   Number         0  ffixu.o ABSOLUTE
    ../../fnorm2.s                           0x00000000   Number         0  fnorm2_clz.o ABSOLUTE
    ../../fpinit.s                           0x00000000   Number         0  fpinit.o ABSOLUTE
    ../../funder.s                           0x00000000   Number         0  funder.o ABSOLUTE
    ../../heapalloc.c                        0x00000000   Number         0  hrguard.o ABSOLUTE
    ../../heapaux.c                          0x00000000   Number         0  heapauxi.o ABSOLUTE
    ../../libinit.s                          0x00000000   Number         0  libshutdown2.o ABSOLUTE
    ../../libinit.s                          0x00000000   Number         0  libinit2.o ABSOLUTE
    ../../libinit.s                          0x00000000   Number         0  libinit.o ABSOLUTE
    ../../libinit.s                          0x00000000   Number         0  libshutdown.o ABSOLUTE
    ../../longlong.s                         0x00000000   Number         0  lludivv7m.o ABSOLUTE
    ../../retnan.s                           0x00000000   Number         0  retnan.o ABSOLUTE
    ../../signal.c                           0x00000000   Number         0  defsig_stak_inner.o ABSOLUTE
    ../../signal.c                           0x00000000   Number         0  defsig_exit.o ABSOLUTE
    ../../signal.c                           0x00000000   Number         0  defsig_fpe_inner.o ABSOLUTE
    ../../signal.c                           0x00000000   Number         0  defsig_rtmem_formal.o ABSOLUTE
    ../../signal.c                           0x00000000   Number         0  defsig_rtmem_inner.o ABSOLUTE
    ../../signal.c                           0x00000000   Number         0  defsig_rtred_inner.o ABSOLUTE
    ../../signal.c                           0x00000000   Number         0  defsig_general.o ABSOLUTE
    ../../signal.c                           0x00000000   Number         0  defsig_abrt_inner.o ABSOLUTE
    ../../signal.c                           0x00000000   Number         0  __raise.o ABSOLUTE
    ../../signal.c                           0x00000000   Number         0  defsig_rtmem_outer.o ABSOLUTE
    ../../signal.c                           0x00000000   Number         0  defsig_segv_inner.o ABSOLUTE
    ../../signal.c                           0x00000000   Number         0  defsig_fpe_formal.o ABSOLUTE
    ../../signal.c                           0x00000000   Number         0  defsig_fpe_outer.o ABSOLUTE
    ../../signal.c                           0x00000000   Number         0  defsig_other.o ABSOLUTE
    ../../signal.c                           0x00000000   Number         0  defsig_cppl_inner.o ABSOLUTE
    ../../signal.c                           0x00000000   Number         0  defsig_pvfn_inner.o ABSOLUTE
    ../../signal.s                           0x00000000   Number         0  defsig.o ABSOLUTE
    ../../stdlib.c                           0x00000000   Number         0  exit.o ABSOLUTE
    ../../trapv.s                            0x00000000   Number         0  trapv.o ABSOLUTE
    ../../usenofp.s                          0x00000000   Number         0  usenofp.o ABSOLUTE
    ..\App\dispose.c                         0x00000000   Number         0  dispose.o ABSOLUTE
    ..\App\main.c                            0x00000000   Number         0  main.o ABSOLUTE
    ..\App\motor.c                           0x00000000   Number         0  motor.o ABSOLUTE
    ..\Bsp\gpio.c                            0x00000000   Number         0  gpio.o ABSOLUTE
    ..\Bsp\pwm.c                             0x00000000   Number         0  pwm.o ABSOLUTE
    ..\Bsp\timer.c                           0x00000000   Number         0  timer.o ABSOLUTE
    ..\Bsp\uart.c                            0x00000000   Number         0  uart.o ABSOLUTE
    ..\FWLIB\source\lpc17xx_clkpwr.c         0x00000000   Number         0  lpc17xx_clkpwr.o ABSOLUTE
    ..\FWLIB\source\lpc17xx_gpio.c           0x00000000   Number         0  lpc17xx_gpio.o ABSOLUTE
    ..\FWLIB\source\lpc17xx_iap.c            0x00000000   Number         0  lpc17xx_iap.o ABSOLUTE
    ..\FWLIB\source\lpc17xx_nvic.c           0x00000000   Number         0  lpc17xx_nvic.o ABSOLUTE
    ..\FWLIB\source\lpc17xx_pinsel.c         0x00000000   Number         0  lpc17xx_pinsel.o ABSOLUTE
    ..\FWLIB\source\lpc17xx_pwm.c            0x00000000   Number         0  lpc17xx_pwm.o ABSOLUTE
    ..\FWLIB\source\lpc17xx_timer.c          0x00000000   Number         0  lpc17xx_timer.o ABSOLUTE
    ..\FWLIB\source\lpc17xx_uart.c           0x00000000   Number         0  lpc17xx_uart.o ABSOLUTE
    ..\cmsis\system_LPC17xx.c                0x00000000   Number         0  system_lpc17xx.o ABSOLUTE
    dc.s                                     0x00000000   Number         0  dc.o ABSOLUTE
    startup_LPC17xx.s                        0x00000000   Number         0  startup_lpc17xx.o ABSOLUTE
    !!!main                                  0x000000cc   Section        8  __main.o(!!!main)
    !!!scatter                               0x000000d4   Section       52  __scatter.o(!!!scatter)
    !!handler_copy                           0x00000108   Section       26  __scatter_copy.o(!!handler_copy)
    !!handler_zi                             0x00000124   Section       28  __scatter_zi.o(!!handler_zi)
    .ARM.Collect$$libinit$$00000000          0x00000140   Section        6  libinit.o(.ARM.Collect$$libinit$$00000000)
    .ARM.Collect$$libinit$$00000006          0x00000146   Section        0  libinit2.o(.ARM.Collect$$libinit$$00000006)
    .ARM.Collect$$libinit$$00000008          0x00000146   Section        0  libinit2.o(.ARM.Collect$$libinit$$00000008)
    .ARM.Collect$$libinit$$0000000A          0x00000146   Section        0  libinit2.o(.ARM.Collect$$libinit$$0000000A)
    .ARM.Collect$$libinit$$0000000D          0x00000146   Section        0  libinit2.o(.ARM.Collect$$libinit$$0000000D)
    .ARM.Collect$$libinit$$0000000F          0x00000146   Section        0  libinit2.o(.ARM.Collect$$libinit$$0000000F)
    .ARM.Collect$$libinit$$00000011          0x00000146   Section        0  libinit2.o(.ARM.Collect$$libinit$$00000011)
    .ARM.Collect$$libinit$$00000013          0x00000146   Section        0  libinit2.o(.ARM.Collect$$libinit$$00000013)
    .ARM.Collect$$libinit$$00000015          0x00000146   Section        0  libinit2.o(.ARM.Collect$$libinit$$00000015)
    .ARM.Collect$$libinit$$00000017          0x00000146   Section        0  libinit2.o(.ARM.Collect$$libinit$$00000017)
    .ARM.Collect$$libinit$$00000019          0x00000146   Section        0  libinit2.o(.ARM.Collect$$libinit$$00000019)
    .ARM.Collect$$libinit$$0000001B          0x00000146   Section        0  libinit2.o(.ARM.Collect$$libinit$$0000001B)
    .ARM.Collect$$libinit$$0000001D          0x00000146   Section        0  libinit2.o(.ARM.Collect$$libinit$$0000001D)
    .ARM.Collect$$libinit$$0000001F          0x00000146   Section        0  libinit2.o(.ARM.Collect$$libinit$$0000001F)
    .ARM.Collect$$libinit$$00000021          0x00000146   Section        0  libinit2.o(.ARM.Collect$$libinit$$00000021)
    .ARM.Collect$$libinit$$00000028          0x00000146   Section        0  libinit2.o(.ARM.Collect$$libinit$$00000028)
    .ARM.Collect$$libinit$$0000002A          0x00000146   Section        0  libinit2.o(.ARM.Collect$$libinit$$0000002A)
    .ARM.Collect$$libinit$$0000002C          0x00000146   Section        0  libinit2.o(.ARM.Collect$$libinit$$0000002C)
    .ARM.Collect$$libinit$$0000002E          0x00000146   Section        0  libinit2.o(.ARM.Collect$$libinit$$0000002E)
    .ARM.Collect$$libinit$$0000002F          0x00000146   Section        2  libinit2.o(.ARM.Collect$$libinit$$0000002F)
    .ARM.Collect$$libshutdown$$00000000      0x00000148   Section        2  libshutdown.o(.ARM.Collect$$libshutdown$$00000000)
    .ARM.Collect$$libshutdown$$00000003      0x0000014a   Section        0  libshutdown2.o(.ARM.Collect$$libshutdown$$00000003)
    .ARM.Collect$$libshutdown$$00000006      0x0000014a   Section        0  libshutdown2.o(.ARM.Collect$$libshutdown$$00000006)
    .ARM.Collect$$libshutdown$$00000009      0x0000014a   Section        0  libshutdown2.o(.ARM.Collect$$libshutdown$$00000009)
    .ARM.Collect$$libshutdown$$0000000B      0x0000014a   Section        0  libshutdown2.o(.ARM.Collect$$libshutdown$$0000000B)
    .ARM.Collect$$libshutdown$$0000000E      0x0000014a   Section        0  libshutdown2.o(.ARM.Collect$$libshutdown$$0000000E)
    .ARM.Collect$$libshutdown$$0000000F      0x0000014a   Section        2  libshutdown2.o(.ARM.Collect$$libshutdown$$0000000F)
    .ARM.Collect$$rtentry$$00000000          0x0000014c   Section        0  rtentry.o(.ARM.Collect$$rtentry$$00000000)
    .ARM.Collect$$rtentry$$00000002          0x0000014c   Section        0  rtentry2.o(.ARM.Collect$$rtentry$$00000002)
    .ARM.Collect$$rtentry$$00000004          0x0000014c   Section        6  rtentry4.o(.ARM.Collect$$rtentry$$00000004)
    .ARM.Collect$$rtentry$$00000009          0x00000152   Section        0  rtentry2.o(.ARM.Collect$$rtentry$$00000009)
    .ARM.Collect$$rtentry$$0000000A          0x00000152   Section        4  rtentry2.o(.ARM.Collect$$rtentry$$0000000A)
    .ARM.Collect$$rtentry$$0000000C          0x00000156   Section        0  rtentry2.o(.ARM.Collect$$rtentry$$0000000C)
    .ARM.Collect$$rtentry$$0000000D          0x00000156   Section        8  rtentry2.o(.ARM.Collect$$rtentry$$0000000D)
    .ARM.Collect$$rtexit$$00000000           0x0000015e   Section        2  rtexit.o(.ARM.Collect$$rtexit$$00000000)
    .ARM.Collect$$rtexit$$00000002           0x00000160   Section        0  rtexit2.o(.ARM.Collect$$rtexit$$00000002)
    .ARM.Collect$$rtexit$$00000003           0x00000160   Section        4  rtexit2.o(.ARM.Collect$$rtexit$$00000003)
    .ARM.Collect$$rtexit$$00000004           0x00000164   Section        6  rtexit2.o(.ARM.Collect$$rtexit$$00000004)
    .text                                    0x0000016c   Section       52  startup_lpc17xx.o(.text)
    .text                                    0x000001a0   Section        0  lpc17xx_pinsel.o(.text)
    set_PinFunc                              0x000001a1   Thumb Code    56  lpc17xx_pinsel.o(.text)
    set_ResistorMode                         0x000001d9   Thumb Code    58  lpc17xx_pinsel.o(.text)
    set_OpenDrainMode                        0x00000213   Thumb Code    42  lpc17xx_pinsel.o(.text)
    .text                                    0x00000298   Section        0  main.o(.text)
    .text                                    0x000002c6   Section        0  heapauxi.o(.text)
    .text                                    0x000002cc   Section        0  exit.o(.text)
    .text                                    0x000002d8   Section        8  libspace.o(.text)
    .text                                    0x000002e0   Section       20  sys_exit.o(.text)
    .text                                    0x000002f4   Section        2  use_no_semi.o(.text)
    x$fpl$usenofp                            0x000002f6   Section        0  usenofp.o(x$fpl$usenofp)
    .ARM.__at_0x02FC                         0x000002fc   Section        4  startup_lpc17xx.o(.ARM.__at_0x02FC)
    .text                                    0x00000300   Section        0  lpc17xx_timer.o(.text)
    getPClock                                0x00000301   Thumb Code    66  lpc17xx_timer.o(.text)
    converUSecToVal                          0x00000343   Thumb Code    56  lpc17xx_timer.o(.text)
    converPtrToTimeNum                       0x0000037b   Thumb Code    46  lpc17xx_timer.o(.text)
    .text                                    0x00000974   Section        0  lpc17xx_uart.o(.text)
    uart_set_divisors                        0x00000975   Thumb Code   616  lpc17xx_uart.o(.text)
    .text                                    0x00001890   Section        0  lpc17xx_gpio.o(.text)
    GPIO_GetPointer                          0x00001891   Thumb Code    52  lpc17xx_gpio.o(.text)
    FIO_HalfWordGetPointer                   0x000018c5   Thumb Code    52  lpc17xx_gpio.o(.text)
    FIO_ByteGetPointer                       0x000018f9   Thumb Code    52  lpc17xx_gpio.o(.text)
    .text                                    0x00001ce8   Section        0  lpc17xx_clkpwr.o(.text)
    .text                                    0x00001e44   Section        0  lpc17xx_pwm.o(.text)
    .text                                    0x000025c8   Section        0  system_lpc17xx.o(.text)
    .text                                    0x00002878   Section        0  dispose.o(.text)
    .text                                    0x00002a34   Section        0  motor.o(.text)
    MotorDirection                           0x00002a35   Thumb Code    30  motor.o(.text)
    .text                                    0x00002ed8   Section        0  gpio.o(.text)
    .text                                    0x00003168   Section        0  pwm.o(.text)
    .text                                    0x000032c0   Section        0  uart.o(.text)
    .text                                    0x00003470   Section        0  timer.o(.text)
    .text                                    0x0000356c   Section      238  lludivv7m.o(.text)
    .text                                    0x0000365a   Section       74  sys_stackheap_outer.o(.text)
    .text                                    0x000036a4   Section       12  rt_fp_status_addr_intlibspace.o(.text)
    x$fpl$fcheck                             0x000036b0   Section       12  fcheck.o(x$fpl$fcheck)
    x$fpl$fcheck1                            0x000036bc   Section       12  fcheck1.o(x$fpl$fcheck1)
    x$fpl$fdiv                               0x000036c8   Section      484  fdiv.o(x$fpl$fdiv)
    _fdiv1                                   0x000036c9   Thumb Code     0  fdiv.o(x$fpl$fdiv)
    x$fpl$ffixu                              0x000038ac   Section       88  ffixu.o(x$fpl$ffixu)
    x$fpl$fnorm2                             0x00003904   Section       74  fnorm2_clz.o(x$fpl$fnorm2)
    x$fpl$fpinit                             0x0000394e   Section       14  fpinit.o(x$fpl$fpinit)
    x$fpl$funder                             0x0000395c   Section      134  funder.o(x$fpl$funder)
    x$fpl$retnan                             0x000039e2   Section      100  retnan.o(x$fpl$retnan)
    x$fpl$trapveneer                         0x00003a46   Section       48  trapv.o(x$fpl$trapveneer)
    .data                                    0x10000000   Section        4  system_lpc17xx.o(.data)
    .data                                    0x10000004   Section        4  dispose.o(.data)
    cmd_flag                                 0x10000004   Data           1  dispose.o(.data)
    state                                    0x10000005   Data           1  dispose.o(.data)
    .data                                    0x10000008   Section       85  motor.o(.data)
    distance                                 0x10000008   Data          32  motor.o(.data)
    speed                                    0x10000028   Data          42  motor.o(.data)
    count                                    0x10000054   Data           4  motor.o(.data)
    .data                                    0x1000005d   Section        1  gpio.o(.data)
    .data                                    0x10000060   Section       85  pwm.o(.data)
    .data                                    0x100000b5   Section        2  uart.o(.data)
    .data                                    0x100000b8   Section        4  timer.o(.data)
    .bss                                     0x100000bc   Section      256  uart.o(.bss)
    .bss                                     0x100001bc   Section       96  libspace.o(.bss)
    HEAP                                     0x10000220   Section        0  startup_lpc17xx.o(HEAP)
    STACK                                    0x10000220   Section      512  startup_lpc17xx.o(STACK)
    Heap_Mem                                 0x10000220   Data           0  startup_lpc17xx.o(HEAP)
    Stack_Mem                                0x10000220   Data         512  startup_lpc17xx.o(STACK)
    __initial_sp                             0x10000420   Data           0  startup_lpc17xx.o(STACK)

    Global Symbols

    Symbol Name                              Value     Ov Type        Size  Object(Section)

    BuildAttributes$$THM_ISAv4$P$D$K$B$S$PE$A:L22UL41UL21$X:L11$S22US41US21$IEEE1$IW$USESV6$~STKCKD$USESV7$~SHL$OSPACE$ROPI$EBA8$UX$STANDARDLIB$REQ8$PRES8$EABIv2 0x00000000   Number         0  anon$$obj.o ABSOLUTE
    __ARM_use_no_argv                        0x00000000   Number         0  main.o ABSOLUTE
    __Vectors                                0x00000000   Data           4  startup_lpc17xx.o(RESET)
    __ARM_exceptions_init                     - Undefined Weak Reference
    __alloca_initialize                       - Undefined Weak Reference
    __cpp_initialize__aeabi_                  - Undefined Weak Reference
    __cxa_finalize                            - Undefined Weak Reference
    __fpl_infinity                            - Undefined Weak Reference
    __rt_locale                               - Undefined Weak Reference
    __sigvec_lookup                           - Undefined Weak Reference
    _atexit_init                              - Undefined Weak Reference
    _call_atexit_fns                          - Undefined Weak Reference
    _clock_init                               - Undefined Weak Reference
    _fp_trap_init                             - Undefined Weak Reference
    _fp_trap_shutdown                         - Undefined Weak Reference
    _get_lc_collate                           - Undefined Weak Reference
    _get_lc_ctype                             - Undefined Weak Reference
    _get_lc_monetary                          - Undefined Weak Reference
    _get_lc_numeric                           - Undefined Weak Reference
    _get_lc_time                              - Undefined Weak Reference
    _getenv_init                              - Undefined Weak Reference
    _handle_redirection                       - Undefined Weak Reference
    _init_alloc                               - Undefined Weak Reference
    _init_user_alloc                          - Undefined Weak Reference
    _initio                                   - Undefined Weak Reference
    _rand_init                                - Undefined Weak Reference
    _signal_finish                            - Undefined Weak Reference
    _signal_init                              - Undefined Weak Reference
    _terminate_alloc                          - Undefined Weak Reference
    _terminate_user_alloc                     - Undefined Weak Reference
    _terminateio                              - Undefined Weak Reference
    __main                                   0x000000cd   Thumb Code     8  __main.o(!!!main)
    __scatterload                            0x000000d5   Thumb Code     0  __scatter.o(!!!scatter)
    __scatterload_rt2                        0x000000d5   Thumb Code    44  __scatter.o(!!!scatter)
    __scatterload_rt2_thumb_only             0x000000d5   Thumb Code     0  __scatter.o(!!!scatter)
    __scatterload_null                       0x000000e3   Thumb Code     0  __scatter.o(!!!scatter)
    __scatterload_copy                       0x00000109   Thumb Code    26  __scatter_copy.o(!!handler_copy)
    __scatterload_zeroinit                   0x00000125   Thumb Code    28  __scatter_zi.o(!!handler_zi)
    __rt_lib_init                            0x00000141   Thumb Code     0  libinit.o(.ARM.Collect$$libinit$$00000000)
    __rt_lib_init_alloca_1                   0x00000147   Thumb Code     0  libinit2.o(.ARM.Collect$$libinit$$0000002A)
    __rt_lib_init_argv_1                     0x00000147   Thumb Code     0  libinit2.o(.ARM.Collect$$libinit$$00000028)
    __rt_lib_init_atexit_1                   0x00000147   Thumb Code     0  libinit2.o(.ARM.Collect$$libinit$$00000017)
    __rt_lib_init_clock_1                    0x00000147   Thumb Code     0  libinit2.o(.ARM.Collect$$libinit$$0000001D)
    __rt_lib_init_cpp_1                      0x00000147   Thumb Code     0  libinit2.o(.ARM.Collect$$libinit$$0000002E)
    __rt_lib_init_exceptions_1               0x00000147   Thumb Code     0  libinit2.o(.ARM.Collect$$libinit$$0000002C)
    __rt_lib_init_fp_trap_1                  0x00000147   Thumb Code     0  libinit2.o(.ARM.Collect$$libinit$$0000001B)
    __rt_lib_init_getenv_1                   0x00000147   Thumb Code     0  libinit2.o(.ARM.Collect$$libinit$$0000001F)
    __rt_lib_init_heap_1                     0x00000147   Thumb Code     0  libinit2.o(.ARM.Collect$$libinit$$00000006)
    __rt_lib_init_lc_collate_1               0x00000147   Thumb Code     0  libinit2.o(.ARM.Collect$$libinit$$0000000D)
    __rt_lib_init_lc_ctype_1                 0x00000147   Thumb Code     0  libinit2.o(.ARM.Collect$$libinit$$0000000F)
    __rt_lib_init_lc_monetary_1              0x00000147   Thumb Code     0  libinit2.o(.ARM.Collect$$libinit$$00000011)
    __rt_lib_init_lc_numeric_1               0x00000147   Thumb Code     0  libinit2.o(.ARM.Collect$$libinit$$00000013)
    __rt_lib_init_lc_time_1                  0x00000147   Thumb Code     0  libinit2.o(.ARM.Collect$$libinit$$00000015)
    __rt_lib_init_rand_1                     0x00000147   Thumb Code     0  libinit2.o(.ARM.Collect$$libinit$$0000000A)
    __rt_lib_init_return                     0x00000147   Thumb Code     0  libinit2.o(.ARM.Collect$$libinit$$0000002F)
    __rt_lib_init_signal_1                   0x00000147   Thumb Code     0  libinit2.o(.ARM.Collect$$libinit$$00000019)
    __rt_lib_init_stdio_1                    0x00000147   Thumb Code     0  libinit2.o(.ARM.Collect$$libinit$$00000021)
    __rt_lib_init_user_alloc_1               0x00000147   Thumb Code     0  libinit2.o(.ARM.Collect$$libinit$$00000008)
    __rt_lib_shutdown                        0x00000149   Thumb Code     0  libshutdown.o(.ARM.Collect$$libshutdown$$00000000)
    __rt_lib_shutdown_fp_trap_1              0x0000014b   Thumb Code     0  libshutdown2.o(.ARM.Collect$$libshutdown$$00000006)
    __rt_lib_shutdown_heap_1                 0x0000014b   Thumb Code     0  libshutdown2.o(.ARM.Collect$$libshutdown$$0000000E)
    __rt_lib_shutdown_return                 0x0000014b   Thumb Code     0  libshutdown2.o(.ARM.Collect$$libshutdown$$0000000F)
    __rt_lib_shutdown_signal_1               0x0000014b   Thumb Code     0  libshutdown2.o(.ARM.Collect$$libshutdown$$00000009)
    __rt_lib_shutdown_stdio_1                0x0000014b   Thumb Code     0  libshutdown2.o(.ARM.Collect$$libshutdown$$00000003)
    __rt_lib_shutdown_user_alloc_1           0x0000014b   Thumb Code     0  libshutdown2.o(.ARM.Collect$$libshutdown$$0000000B)
    __rt_entry                               0x0000014d   Thumb Code     0  rtentry.o(.ARM.Collect$$rtentry$$00000000)
    __rt_entry_presh_1                       0x0000014d   Thumb Code     0  rtentry2.o(.ARM.Collect$$rtentry$$00000002)
    __rt_entry_sh                            0x0000014d   Thumb Code     0  rtentry4.o(.ARM.Collect$$rtentry$$00000004)
    __rt_entry_li                            0x00000153   Thumb Code     0  rtentry2.o(.ARM.Collect$$rtentry$$0000000A)
    __rt_entry_postsh_1                      0x00000153   Thumb Code     0  rtentry2.o(.ARM.Collect$$rtentry$$00000009)
    __rt_entry_main                          0x00000157   Thumb Code     0  rtentry2.o(.ARM.Collect$$rtentry$$0000000D)
    __rt_entry_postli_1                      0x00000157   Thumb Code     0  rtentry2.o(.ARM.Collect$$rtentry$$0000000C)
    __rt_exit                                0x0000015f   Thumb Code     0  rtexit.o(.ARM.Collect$$rtexit$$00000000)
    __rt_exit_ls                             0x00000161   Thumb Code     0  rtexit2.o(.ARM.Collect$$rtexit$$00000003)
    __rt_exit_prels_1                        0x00000161   Thumb Code     0  rtexit2.o(.ARM.Collect$$rtexit$$00000002)
    __rt_exit_exit                           0x00000165   Thumb Code     0  rtexit2.o(.ARM.Collect$$rtexit$$00000004)
    Reset_Handler                            0x0000016d   Thumb Code     4  startup_lpc17xx.o(.text)
    NMI_Handler                              0x00000171   Thumb Code     2  startup_lpc17xx.o(.text)
    HardFault_Handler                        0x00000173   Thumb Code     2  startup_lpc17xx.o(.text)
    MemManage_Handler                        0x00000175   Thumb Code     2  startup_lpc17xx.o(.text)
    BusFault_Handler                         0x00000177   Thumb Code     2  startup_lpc17xx.o(.text)
    UsageFault_Handler                       0x00000179   Thumb Code     2  startup_lpc17xx.o(.text)
    SVC_Handler                              0x0000017b   Thumb Code     2  startup_lpc17xx.o(.text)
    DebugMon_Handler                         0x0000017d   Thumb Code     2  startup_lpc17xx.o(.text)
    PendSV_Handler                           0x0000017f   Thumb Code     2  startup_lpc17xx.o(.text)
    SysTick_Handler                          0x00000181   Thumb Code     2  startup_lpc17xx.o(.text)
    ADC_IRQHandler                           0x00000183   Thumb Code     0  startup_lpc17xx.o(.text)
    BOD_IRQHandler                           0x00000183   Thumb Code     0  startup_lpc17xx.o(.text)
    CANActivity_IRQHandler                   0x00000183   Thumb Code     0  startup_lpc17xx.o(.text)
    CAN_IRQHandler                           0x00000183   Thumb Code     0  startup_lpc17xx.o(.text)
    DMA_IRQHandler                           0x00000183   Thumb Code     0  startup_lpc17xx.o(.text)
    EINT0_IRQHandler                         0x00000183   Thumb Code     0  startup_lpc17xx.o(.text)
    EINT1_IRQHandler                         0x00000183   Thumb Code     0  startup_lpc17xx.o(.text)
    EINT2_IRQHandler                         0x00000183   Thumb Code     0  startup_lpc17xx.o(.text)
    ENET_IRQHandler                          0x00000183   Thumb Code     0  startup_lpc17xx.o(.text)
    I2C0_IRQHandler                          0x00000183   Thumb Code     0  startup_lpc17xx.o(.text)
    I2C1_IRQHandler                          0x00000183   Thumb Code     0  startup_lpc17xx.o(.text)
    I2C2_IRQHandler                          0x00000183   Thumb Code     0  startup_lpc17xx.o(.text)
    I2S_IRQHandler                           0x00000183   Thumb Code     0  startup_lpc17xx.o(.text)
    MCPWM_IRQHandler                         0x00000183   Thumb Code     0  startup_lpc17xx.o(.text)
    PLL0_IRQHandler                          0x00000183   Thumb Code     0  startup_lpc17xx.o(.text)
    PLL1_IRQHandler                          0x00000183   Thumb Code     0  startup_lpc17xx.o(.text)
    PWM1_IRQHandler                          0x00000183   Thumb Code     0  startup_lpc17xx.o(.text)
    QEI_IRQHandler                           0x00000183   Thumb Code     0  startup_lpc17xx.o(.text)
    RIT_IRQHandler                           0x00000183   Thumb Code     0  startup_lpc17xx.o(.text)
    RTC_IRQHandler                           0x00000183   Thumb Code     0  startup_lpc17xx.o(.text)
    SPI_IRQHandler                           0x00000183   Thumb Code     0  startup_lpc17xx.o(.text)
    SSP0_IRQHandler                          0x00000183   Thumb Code     0  startup_lpc17xx.o(.text)
    SSP1_IRQHandler                          0x00000183   Thumb Code     0  startup_lpc17xx.o(.text)
    TIMER1_IRQHandler                        0x00000183   Thumb Code     0  startup_lpc17xx.o(.text)
    TIMER2_IRQHandler                        0x00000183   Thumb Code     0  startup_lpc17xx.o(.text)
    TIMER3_IRQHandler                        0x00000183   Thumb Code     0  startup_lpc17xx.o(.text)
    UART0_IRQHandler                         0x00000183   Thumb Code     0  startup_lpc17xx.o(.text)
    UART1_IRQHandler                         0x00000183   Thumb Code     0  startup_lpc17xx.o(.text)
    UART2_IRQHandler                         0x00000183   Thumb Code     0  startup_lpc17xx.o(.text)
    USBActivity_IRQHandler                   0x00000183   Thumb Code     0  startup_lpc17xx.o(.text)
    USB_IRQHandler                           0x00000183   Thumb Code     0  startup_lpc17xx.o(.text)
    WDT_IRQHandler                           0x00000183   Thumb Code     0  startup_lpc17xx.o(.text)
    __user_initial_stackheap                 0x00000185   Thumb Code     0  startup_lpc17xx.o(.text)
    PINSEL_ConfigTraceFunc                   0x0000023d   Thumb Code    34  lpc17xx_pinsel.o(.text)
    PINSEL_SetI2C0Pins                       0x0000025f   Thumb Code    16  lpc17xx_pinsel.o(.text)
    PINSEL_ConfigPin                         0x0000026f   Thumb Code    36  lpc17xx_pinsel.o(.text)
    main                                     0x00000299   Thumb Code    42  main.o(.text)
    check_failed                             0x000002c3   Thumb Code     4  main.o(.text)
    __use_two_region_memory                  0x000002c7   Thumb Code     2  heapauxi.o(.text)
    __rt_heap_escrow$2region                 0x000002c9   Thumb Code     2  heapauxi.o(.text)
    __rt_heap_expand$2region                 0x000002cb   Thumb Code     2  heapauxi.o(.text)
    exit                                     0x000002cd   Thumb Code    12  exit.o(.text)
    __user_libspace                          0x000002d9   Thumb Code     8  libspace.o(.text)
    __user_perproc_libspace                  0x000002d9   Thumb Code     0  libspace.o(.text)
    __user_perthread_libspace                0x000002d9   Thumb Code     0  libspace.o(.text)
    _sys_exit                                0x000002e1   Thumb Code    16  sys_exit.o(.text)
    __I$use$semihosting                      0x000002f5   Thumb Code     0  use_no_semi.o(.text)
    __use_no_semihosting_swi                 0x000002f5   Thumb Code     2  use_no_semi.o(.text)
    __I$use$fp                               0x000002f7   Thumb Code     0  usenofp.o(x$fpl$usenofp)
    TIM_GetIntStatus                         0x000003a9   Thumb Code    92  lpc17xx_timer.o(.text)
    TIM_GetIntCaptureStatus                  0x00000405   Thumb Code    94  lpc17xx_timer.o(.text)
    TIM_ClearIntPending                      0x00000463   Thumb Code    80  lpc17xx_timer.o(.text)
    TIM_ClearIntCapturePending               0x000004b3   Thumb Code    82  lpc17xx_timer.o(.text)
    TIM_ConfigStructInit                     0x00000505   Thumb Code    26  lpc17xx_timer.o(.text)
    TIM_Init                                 0x0000051f   Thumb Code   274  lpc17xx_timer.o(.text)
    TIM_DeInit                               0x00000631   Thumb Code   112  lpc17xx_timer.o(.text)
    TIM_Cmd                                  0x000006a1   Thumb Code    66  lpc17xx_timer.o(.text)
    TIM_ResetCounter                         0x000006e3   Thumb Code    58  lpc17xx_timer.o(.text)
    TIM_ConfigMatch                          0x0000071d   Thumb Code   302  lpc17xx_timer.o(.text)
    TIM_UpdateMatchValue                     0x0000084b   Thumb Code    86  lpc17xx_timer.o(.text)
    TIM_ConfigCapture                        0x000008a1   Thumb Code   126  lpc17xx_timer.o(.text)
    TIM_GetCaptureValue                      0x0000091f   Thumb Code    74  lpc17xx_timer.o(.text)
    UART_Init                                0x00000bdd   Thumb Code   558  lpc17xx_uart.o(.text)
    UART_TxCmd                               0x00000e0b   Thumb Code   132  lpc17xx_uart.o(.text)
    UART_DeInit                              0x00000e8f   Thumb Code   112  lpc17xx_uart.o(.text)
    UART_ConfigStructInit                    0x00000eff   Thumb Code    18  lpc17xx_uart.o(.text)
    UART_SendByte                            0x00000f11   Thumb Code    58  lpc17xx_uart.o(.text)
    UART_ReceiveByte                         0x00000f4b   Thumb Code    56  lpc17xx_uart.o(.text)
    UART_Send                                0x00000f83   Thumb Code   170  lpc17xx_uart.o(.text)
    UART_Receive                             0x0000102d   Thumb Code   136  lpc17xx_uart.o(.text)
    UART_ForceBreak                          0x000010b5   Thumb Code    68  lpc17xx_uart.o(.text)
    UART_IntConfig                           0x000010f9   Thumb Code   276  lpc17xx_uart.o(.text)
    UART_GetLineStatus                       0x0000120d   Thumb Code    56  lpc17xx_uart.o(.text)
    UART_GetIntId                            0x00001245   Thumb Code    52  lpc17xx_uart.o(.text)
    UART_CheckBusy                           0x00001279   Thumb Code    18  lpc17xx_uart.o(.text)
    UART_FIFOConfig                          0x0000128b   Thumb Code   254  lpc17xx_uart.o(.text)
    UART_FIFOConfigStructInit                0x00001389   Thumb Code    14  lpc17xx_uart.o(.text)
    UART_ABCmd                               0x00001397   Thumb Code   192  lpc17xx_uart.o(.text)
    UART_ABClearIntPending                   0x00001457   Thumb Code    66  lpc17xx_uart.o(.text)
    UART_IrDAInvtInputCmd                    0x00001499   Thumb Code    80  lpc17xx_uart.o(.text)
    UART_IrDACmd                             0x000014e9   Thumb Code    78  lpc17xx_uart.o(.text)
    UART_IrDAPulseDivConfig                  0x00001537   Thumb Code   102  lpc17xx_uart.o(.text)
    UART_FullModemForcePinState              0x0000159d   Thumb Code   134  lpc17xx_uart.o(.text)
    UART_FullModemConfigMode                 0x00001623   Thumb Code   128  lpc17xx_uart.o(.text)
    UART_FullModemGetStatus                  0x000016a3   Thumb Code    28  lpc17xx_uart.o(.text)
    UART_RS485Config                         0x000016bf   Thumb Code   300  lpc17xx_uart.o(.text)
    UART_RS485ReceiverCmd                    0x000017eb   Thumb Code    32  lpc17xx_uart.o(.text)
    UART_RS485Send                           0x0000180b   Thumb Code    90  lpc17xx_uart.o(.text)
    UART_RS485SendSlvAddr                    0x00001865   Thumb Code    18  lpc17xx_uart.o(.text)
    UART_RS485SendData                       0x00001877   Thumb Code    22  lpc17xx_uart.o(.text)
    GPIO_SetDir                              0x0000192d   Thumb Code    40  lpc17xx_gpio.o(.text)
    GPIO_SetValue                            0x00001955   Thumb Code    20  lpc17xx_gpio.o(.text)
    GPIO_ClearValue                          0x00001969   Thumb Code    20  lpc17xx_gpio.o(.text)
    GPIO_ReadValue                           0x0000197d   Thumb Code    22  lpc17xx_gpio.o(.text)
    GPIO_IntCmd                              0x00001993   Thumb Code    54  lpc17xx_gpio.o(.text)
    GPIO_GetIntStatus                        0x000019c9   Thumb Code    86  lpc17xx_gpio.o(.text)
    GPIO_ClearInt                            0x00001a1f   Thumb Code    24  lpc17xx_gpio.o(.text)
    FIO_SetDir                               0x00001a37   Thumb Code    20  lpc17xx_gpio.o(.text)
    FIO_SetValue                             0x00001a4b   Thumb Code    16  lpc17xx_gpio.o(.text)
    FIO_ClearValue                           0x00001a5b   Thumb Code    16  lpc17xx_gpio.o(.text)
    FIO_ReadValue                            0x00001a6b   Thumb Code    12  lpc17xx_gpio.o(.text)
    FIO_IntCmd                               0x00001a77   Thumb Code    20  lpc17xx_gpio.o(.text)
    FIO_GetIntStatus                         0x00001a8b   Thumb Code    20  lpc17xx_gpio.o(.text)
    FIO_ClearInt                             0x00001a9f   Thumb Code    16  lpc17xx_gpio.o(.text)
    FIO_SetMask                              0x00001aaf   Thumb Code    40  lpc17xx_gpio.o(.text)
    FIO_HalfWordSetDir                       0x00001ad7   Thumb Code    82  lpc17xx_gpio.o(.text)
    FIO_HalfWordSetMask                      0x00001b29   Thumb Code    82  lpc17xx_gpio.o(.text)
    FIO_HalfWordSetValue                     0x00001b7b   Thumb Code    32  lpc17xx_gpio.o(.text)
    FIO_HalfWordClearValue                   0x00001b9b   Thumb Code    32  lpc17xx_gpio.o(.text)
    FIO_HalfWordReadValue                    0x00001bbb   Thumb Code    30  lpc17xx_gpio.o(.text)
    FIO_ByteSetDir                           0x00001bd9   Thumb Code    62  lpc17xx_gpio.o(.text)
    FIO_ByteSetMask                          0x00001c17   Thumb Code    66  lpc17xx_gpio.o(.text)
    FIO_ByteSetValue                         0x00001c59   Thumb Code    34  lpc17xx_gpio.o(.text)
    FIO_ByteClearValue                       0x00001c7b   Thumb Code    78  lpc17xx_gpio.o(.text)
    FIO_ByteReadValue                        0x00001cc9   Thumb Code    32  lpc17xx_gpio.o(.text)
    CLKPWR_SetPCLKDiv                        0x00001ce9   Thumb Code   104  lpc17xx_clkpwr.o(.text)
    CLKPWR_GetPCLKSEL                        0x00001d51   Thumb Code    32  lpc17xx_clkpwr.o(.text)
    CLKPWR_GetPCLK                           0x00001d71   Thumb Code    58  lpc17xx_clkpwr.o(.text)
    CLKPWR_ConfigPPWR                        0x00001dab   Thumb Code    50  lpc17xx_clkpwr.o(.text)
    CLKPWR_Sleep                             0x00001ddd   Thumb Code    10  lpc17xx_clkpwr.o(.text)
    CLKPWR_DeepSleep                         0x00001de7   Thumb Code    20  lpc17xx_clkpwr.o(.text)
    CLKPWR_PowerDown                         0x00001dfb   Thumb Code    20  lpc17xx_clkpwr.o(.text)
    CLKPWR_DeepPowerDown                     0x00001e0f   Thumb Code    20  lpc17xx_clkpwr.o(.text)
    PWM_GetIntStatus                         0x00001e45   Thumb Code    90  lpc17xx_pwm.o(.text)
    PWM_ClearIntPending                      0x00001e9f   Thumb Code    78  lpc17xx_pwm.o(.text)
    PWM_ConfigStructInit                     0x00001eed   Thumb Code    54  lpc17xx_pwm.o(.text)
    PWM_Init                                 0x00001f23   Thumb Code   256  lpc17xx_pwm.o(.text)
    PWM_DeInit                               0x00002023   Thumb Code    34  lpc17xx_pwm.o(.text)
    PWM_Cmd                                  0x00002045   Thumb Code    62  lpc17xx_pwm.o(.text)
    PWM_CounterCmd                           0x00002083   Thumb Code    66  lpc17xx_pwm.o(.text)
    PWM_ResetCounter                         0x000020c5   Thumb Code    40  lpc17xx_pwm.o(.text)
    PWM_ConfigMatch                          0x000020ed   Thumb Code   274  lpc17xx_pwm.o(.text)
    PWM_ConfigCapture                        0x000021ff   Thumb Code   344  lpc17xx_pwm.o(.text)
    PWM_GetCaptureValue                      0x00002357   Thumb Code    66  lpc17xx_pwm.o(.text)
    PWM_MatchUpdate                          0x00002399   Thumb Code   156  lpc17xx_pwm.o(.text)
    PWM_MultiMatchUpdate                     0x00002435   Thumb Code   152  lpc17xx_pwm.o(.text)
    PWM_ChannelConfig                        0x000024cd   Thumb Code   126  lpc17xx_pwm.o(.text)
    PWM_ChannelCmd                           0x0000254b   Thumb Code   120  lpc17xx_pwm.o(.text)
    SystemCoreClockUpdate                    0x000025c9   Thumb Code   312  system_lpc17xx.o(.text)
    SystemInit                               0x00002701   Thumb Code   296  system_lpc17xx.o(.text)
    InquireUartRecvBuffer                    0x00002879   Thumb Code    96  dispose.o(.text)
    CheckData                                0x000028d9   Thumb Code    74  dispose.o(.text)
    Dispose                                  0x00002923   Thumb Code   248  dispose.o(.text)
    MotorParamReset                          0x00002a53   Thumb Code    16  motor.o(.text)
    MotorReset                               0x00002a63   Thumb Code   374  motor.o(.text)
    P_Swing                                  0x00002bd9   Thumb Code   174  motor.o(.text)
    N_Swing                                  0x00002c87   Thumb Code   174  motor.o(.text)
    PN_Swing                                 0x00002d35   Thumb Code   246  motor.o(.text)
    MotorAction                              0x00002e2b   Thumb Code   128  motor.o(.text)
    MonitorFault                             0x00002eab   Thumb Code    38  motor.o(.text)
    MonitorDistance                          0x00002ed1   Thumb Code     2  motor.o(.text)
    SetGpioDirect                            0x00002ed9   Thumb Code    46  gpio.o(.text)
    SetPinValue                              0x00002f07   Thumb Code    42  gpio.o(.text)
    GetAllPinValue                           0x00002f31   Thumb Code    18  gpio.o(.text)
    GetPinValue                              0x00002f43   Thumb Code   124  gpio.o(.text)
    GPIOInit                                 0x00002fbf   Thumb Code   284  gpio.o(.text)
    EINT3_IRQHandler                         0x000030db   Thumb Code    18  gpio.o(.text)
    SenseIntEnable                           0x000030ed   Thumb Code    78  gpio.o(.text)
    SenseIntDisable                          0x0000313b   Thumb Code    22  gpio.o(.text)
    PWMInit                                  0x00003169   Thumb Code   178  pwm.o(.text)
    SetPMWFreq                               0x0000321b   Thumb Code    72  pwm.o(.text)
    StopPWM                                  0x00003263   Thumb Code    40  pwm.o(.text)
    StartPWM                                 0x0000328b   Thumb Code    32  pwm.o(.text)
    UartInit                                 0x000032c1   Thumb Code   232  uart.o(.text)
    FifoWriteOneByte                         0x000033a9   Thumb Code    78  uart.o(.text)
    UART3_IRQHandler                         0x000033f7   Thumb Code    58  uart.o(.text)
    UART3SendData                            0x00003431   Thumb Code    18  uart.o(.text)
    UART1SendData                            0x00003443   Thumb Code    18  uart.o(.text)
    TimerInit                                0x00003471   Thumb Code   144  timer.o(.text)
    TIMER0_IRQHandler                        0x00003501   Thumb Code    46  timer.o(.text)
    StartTimer                               0x0000352f   Thumb Code    22  timer.o(.text)
    StopTimer                                0x00003545   Thumb Code    14  timer.o(.text)
    ResetTimer                               0x00003553   Thumb Code     8  timer.o(.text)
    __aeabi_uldivmod                         0x0000356d   Thumb Code     0  lludivv7m.o(.text)
    _ll_udiv                                 0x0000356d   Thumb Code   238  lludivv7m.o(.text)
    __user_setup_stackheap                   0x0000365b   Thumb Code    74  sys_stackheap_outer.o(.text)
    __rt_fp_status_addr                      0x000036a5   Thumb Code    12  rt_fp_status_addr_intlibspace.o(.text)
    __fpl_fcheck_NaN2                        0x000036b1   Thumb Code     6  fcheck.o(x$fpl$fcheck)
    __fpl_fcheck_NaN1                        0x000036bd   Thumb Code     6  fcheck1.o(x$fpl$fcheck1)
    __aeabi_fdiv                             0x000036c9   Thumb Code     0  fdiv.o(x$fpl$fdiv)
    _fdiv                                    0x000036c9   Thumb Code   476  fdiv.o(x$fpl$fdiv)
    __fpl_inf_fdiv                           0x0000386d   Thumb Code     0  fdiv.o(x$fpl$fdiv)
    __aeabi_f2uiz                            0x000038ad   Thumb Code     0  ffixu.o(x$fpl$ffixu)
    _ffixu                                   0x000038ad   Thumb Code    82  ffixu.o(x$fpl$ffixu)
    __fpl_inf_ffixu                          0x000038f9   Thumb Code     0  ffixu.o(x$fpl$ffixu)
    __fpl_normalise2                         0x00003905   Thumb Code    74  fnorm2_clz.o(x$fpl$fnorm2)
    _fp_init                                 0x0000394f   Thumb Code    14  fpinit.o(x$fpl$fpinit)
    __fplib_config_pureend_doubles           0x0000395b   Thumb Code     0  fpinit.o(x$fpl$fpinit)
    __funder                                 0x0000395d   Thumb Code   132  funder.o(x$fpl$funder)
    __funder_d                               0x000039e1   Thumb Code     2  funder.o(x$fpl$funder)
    __fpl_return_NaN                         0x000039e3   Thumb Code   100  retnan.o(x$fpl$retnan)
    __fpl_cmpreturn                          0x00003a47   Thumb Code    48  trapv.o(x$fpl$trapveneer)
    Region$$Table$$Base                      0x00003a78   Number         0  anon$$obj.o(Region$$Table)
    Region$$Table$$Limit                     0x00003a98   Number         0  anon$$obj.o(Region$$Table)
    SystemCoreClock                          0x10000000   Data           4  system_lpc17xx.o(.data)
    g_ComData                                0x10000006   Data           2  dispose.o(.data)
    g_MotorParam                             0x10000058   Data           5  motor.o(.data)
    EINT_Flag                                0x1000005d   Data           1  gpio.o(.data)
    Frequence                                0x10000060   Data          84  pwm.o(.data)
    pwm_flag                                 0x100000b4   Data           1  pwm.o(.data)
    FifoHead                                 0x100000b5   Data           1  uart.o(.data)
    FifoTail                                 0x100000b6   Data           1  uart.o(.data)
    timer_value                              0x100000b8   Data           4  timer.o(.data)
    FifoBuff                                 0x100000bc   Data         256  uart.o(.bss)
    __libspace_start                         0x100001bc   Data          96  libspace.o(.bss)
    __temporary_stack_top$libspace           0x1000021c   Data           0  libspace.o(.bss)



==============================================================================

Memory Map of the image

  Image Entry point : 0x000000cd

  Load Region LR_IROM1 (Base: 0x00000000, Size: 0x00003b54, Max: 0x00080000, ABSOLUTE)

    Execution Region ER_IROM1 (Base: 0x00000000, Size: 0x00003a98, Max: 0x00080000, ABSOLUTE)

    Base Addr    Size         Type   Attr      Idx    E Section Name        Object

    0x00000000   0x000000cc   Data   RO            3    RESET               startup_lpc17xx.o
    0x000000cc   0x00000008   Code   RO          334  * !!!main             __main.o(c_w.l)
    0x000000d4   0x00000034   Code   RO          527    !!!scatter          __scatter.o(c_w.l)
    0x00000108   0x0000001a   Code   RO          529    !!handler_copy      __scatter_copy.o(c_w.l)
    0x00000122   0x00000002   PAD
    0x00000124   0x0000001c   Code   RO          531    !!handler_zi        __scatter_zi.o(c_w.l)
    0x00000140   0x00000006   Code   RO          395    .ARM.Collect$$libinit$$00000000  libinit.o(c_w.l)
    0x00000146   0x00000000   Code   RO          411    .ARM.Collect$$libinit$$00000006  libinit2.o(c_w.l)
    0x00000146   0x00000000   Code   RO          413    .ARM.Collect$$libinit$$00000008  libinit2.o(c_w.l)
    0x00000146   0x00000000   Code   RO          415    .ARM.Collect$$libinit$$0000000A  libinit2.o(c_w.l)
    0x00000146   0x00000000   Code   RO          418    .ARM.Collect$$libinit$$0000000D  libinit2.o(c_w.l)
    0x00000146   0x00000000   Code   RO          420    .ARM.Collect$$libinit$$0000000F  libinit2.o(c_w.l)
    0x00000146   0x00000000   Code   RO          422    .ARM.Collect$$libinit$$00000011  libinit2.o(c_w.l)
    0x00000146   0x00000000   Code   RO          424    .ARM.Collect$$libinit$$00000013  libinit2.o(c_w.l)
    0x00000146   0x00000000   Code   RO          426    .ARM.Collect$$libinit$$00000015  libinit2.o(c_w.l)
    0x00000146   0x00000000   Code   RO          428    .ARM.Collect$$libinit$$00000017  libinit2.o(c_w.l)
    0x00000146   0x00000000   Code   RO          430    .ARM.Collect$$libinit$$00000019  libinit2.o(c_w.l)
    0x00000146   0x00000000   Code   RO          432    .ARM.Collect$$libinit$$0000001B  libinit2.o(c_w.l)
    0x00000146   0x00000000   Code   RO          434    .ARM.Collect$$libinit$$0000001D  libinit2.o(c_w.l)
    0x00000146   0x00000000   Code   RO          436    .ARM.Collect$$libinit$$0000001F  libinit2.o(c_w.l)
    0x00000146   0x00000000   Code   RO          438    .ARM.Collect$$libinit$$00000021  libinit2.o(c_w.l)
    0x00000146   0x00000000   Code   RO          442    .ARM.Collect$$libinit$$00000028  libinit2.o(c_w.l)
    0x00000146   0x00000000   Code   RO          444    .ARM.Collect$$libinit$$0000002A  libinit2.o(c_w.l)
    0x00000146   0x00000000   Code   RO          446    .ARM.Collect$$libinit$$0000002C  libinit2.o(c_w.l)
    0x00000146   0x00000000   Code   RO          448    .ARM.Collect$$libinit$$0000002E  libinit2.o(c_w.l)
    0x00000146   0x00000002   Code   RO          449    .ARM.Collect$$libinit$$0000002F  libinit2.o(c_w.l)
    0x00000148   0x00000002   Code   RO          485    .ARM.Collect$$libshutdown$$00000000  libshutdown.o(c_w.l)
    0x0000014a   0x00000000   Code   RO          512    .ARM.Collect$$libshutdown$$00000003  libshutdown2.o(c_w.l)
    0x0000014a   0x00000000   Code   RO          515    .ARM.Collect$$libshutdown$$00000006  libshutdown2.o(c_w.l)
    0x0000014a   0x00000000   Code   RO          518    .ARM.Collect$$libshutdown$$00000009  libshutdown2.o(c_w.l)
    0x0000014a   0x00000000   Code   RO          520    .ARM.Collect$$libshutdown$$0000000B  libshutdown2.o(c_w.l)
    0x0000014a   0x00000000   Code   RO          523    .ARM.Collect$$libshutdown$$0000000E  libshutdown2.o(c_w.l)
    0x0000014a   0x00000002   Code   RO          524    .ARM.Collect$$libshutdown$$0000000F  libshutdown2.o(c_w.l)
    0x0000014c   0x00000000   Code   RO          344    .ARM.Collect$$rtentry$$00000000  rtentry.o(c_w.l)
    0x0000014c   0x00000000   Code   RO          360    .ARM.Collect$$rtentry$$00000002  rtentry2.o(c_w.l)
    0x0000014c   0x00000006   Code   RO          375    .ARM.Collect$$rtentry$$00000004  rtentry4.o(c_w.l)
    0x00000152   0x00000000   Code   RO          362    .ARM.Collect$$rtentry$$00000009  rtentry2.o(c_w.l)
    0x00000152   0x00000004   Code   RO          363    .ARM.Collect$$rtentry$$0000000A  rtentry2.o(c_w.l)
    0x00000156   0x00000000   Code   RO          365    .ARM.Collect$$rtentry$$0000000C  rtentry2.o(c_w.l)
    0x00000156   0x00000008   Code   RO          366    .ARM.Collect$$rtentry$$0000000D  rtentry2.o(c_w.l)
    0x0000015e   0x00000002   Code   RO          401    .ARM.Collect$$rtexit$$00000000  rtexit.o(c_w.l)
    0x00000160   0x00000000   Code   RO          455    .ARM.Collect$$rtexit$$00000002  rtexit2.o(c_w.l)
    0x00000160   0x00000004   Code   RO          456    .ARM.Collect$$rtexit$$00000003  rtexit2.o(c_w.l)
    0x00000164   0x00000006   Code   RO          457    .ARM.Collect$$rtexit$$00000004  rtexit2.o(c_w.l)
    0x0000016a   0x00000002   PAD
    0x0000016c   0x00000034   Code   RO            5    .text               startup_lpc17xx.o
    0x000001a0   0x000000f8   Code   RO          121    .text               lpc17xx_pinsel.o
    0x00000298   0x0000002e   Code   RO          178    .text               main.o
    0x000002c6   0x00000006   Code   RO          332    .text               heapauxi.o(c_w.l)
    0x000002cc   0x0000000c   Code   RO          383    .text               exit.o(c_w.l)
    0x000002d8   0x00000008   Code   RO          398    .text               libspace.o(c_w.l)
    0x000002e0   0x00000014   Code   RO          452    .text               sys_exit.o(c_w.l)
    0x000002f4   0x00000002   Code   RO          475    .text               use_no_semi.o(c_w.l)
    0x000002f6   0x00000000   Code   RO          358    x$fpl$usenofp       usenofp.o(fz_ws.l)
    0x000002f6   0x00000006   PAD
    0x000002fc   0x00000004   Code   RO            4    .ARM.__at_0x02FC    startup_lpc17xx.o
    0x00000300   0x00000674   Code   RO           13    .text               lpc17xx_timer.o
    0x00000974   0x00000f1c   Code   RO           54    .text               lpc17xx_uart.o
    0x00001890   0x00000458   Code   RO           69    .text               lpc17xx_gpio.o
    0x00001ce8   0x0000015c   Code   RO          133    .text               lpc17xx_clkpwr.o
    0x00001e44   0x00000784   Code   RO          145    .text               lpc17xx_pwm.o
    0x000025c8   0x000002b0   Code   RO          160    .text               system_lpc17xx.o
    0x00002878   0x000001bc   Code   RO          216    .text               dispose.o
    0x00002a34   0x000004a4   Code   RO          231    .text               motor.o
    0x00002ed8   0x00000290   Code   RO          249    .text               gpio.o
    0x00003168   0x00000158   Code   RO          270    .text               pwm.o
    0x000032c0   0x000001b0   Code   RO          288    .text               uart.o
    0x00003470   0x000000fc   Code   RO          310    .text               timer.o
    0x0000356c   0x000000ee   Code   RO          330    .text               lludivv7m.o(c_w.l)
    0x0000365a   0x0000004a   Code   RO          381    .text               sys_stackheap_outer.o(c_w.l)
    0x000036a4   0x0000000c   Code   RO          465    .text               rt_fp_status_addr_intlibspace.o(c_w.l)
    0x000036b0   0x0000000c   Code   RO          350    x$fpl$fcheck        fcheck.o(fz_ws.l)
    0x000036bc   0x0000000c   Code   RO          352    x$fpl$fcheck1       fcheck1.o(fz_ws.l)
    0x000036c8   0x000001e4   Code   RO          337    x$fpl$fdiv          fdiv.o(fz_ws.l)
    0x000038ac   0x00000058   Code   RO          340    x$fpl$ffixu         ffixu.o(fz_ws.l)
    0x00003904   0x0000004a   Code   RO          354    x$fpl$fnorm2        fnorm2_clz.o(fz_ws.l)
    0x0000394e   0x0000000e   Code   RO          450    x$fpl$fpinit        fpinit.o(fz_ws.l)
    0x0000395c   0x00000086   Code   RO          356    x$fpl$funder        funder.o(fz_ws.l)
    0x000039e2   0x00000064   Code   RO          379    x$fpl$retnan        retnan.o(fz_ws.l)
    0x00003a46   0x00000030   Code   RO          396    x$fpl$trapveneer    trapv.o(fz_ws.l)
    0x00003a76   0x00000002   PAD
    0x00003a78   0x00000020   Data   RO          525    Region$$Table       anon$$obj.o


    Execution Region RW_IRAM1 (Base: 0x10000000, Size: 0x00000420, Max: 0x00008000, ABSOLUTE)

    Base Addr    Size         Type   Attr      Idx    E Section Name        Object

    0x10000000   0x00000004   Data   RW          161    .data               system_lpc17xx.o
    0x10000004   0x00000004   Data   RW          217    .data               dispose.o
    0x10000008   0x00000055   Data   RW          232    .data               motor.o
    0x1000005d   0x00000001   Data   RW          250    .data               gpio.o
    0x1000005e   0x00000002   PAD
    0x10000060   0x00000055   Data   RW          271    .data               pwm.o
    0x100000b5   0x00000002   Data   RW          290    .data               uart.o
    0x100000b7   0x00000001   PAD
    0x100000b8   0x00000004   Data   RW          311    .data               timer.o
    0x100000bc   0x00000100   Zero   RW          289    .bss                uart.o
    0x100001bc   0x00000060   Zero   RW          399    .bss                libspace.o(c_w.l)
    0x1000021c   0x00000004   PAD
    0x10000220   0x00000000   Zero   RW            2    HEAP                startup_lpc17xx.o
    0x10000220   0x00000200   Zero   RW            1    STACK               startup_lpc17xx.o


==============================================================================

Image component sizes


      Code (inc. data)   RO Data    RW Data    ZI Data      Debug   Object Name

       444         36          0          4          0       1786   dispose.o
       656         30          0          1          0       7592   gpio.o
       348         34          0          0          0       1759   lpc17xx_clkpwr.o
      1112         62          0          0          0      10107   lpc17xx_gpio.o
       248          6          0          0          0       2097   lpc17xx_pinsel.o
      1924         62          0          0          0       9272   lpc17xx_pwm.o
      1652         66          0          0          0      33079   lpc17xx_timer.o
      3868        116          0          0          0      19537   lpc17xx_uart.o
        46          0          0          0          0        972   main.o
      1188         24          0         85          0       3410   motor.o
       344         22          0         85          0       1467   pwm.o
        56         22        204          0        512        636   startup_lpc17xx.o
       688         80          0          4          0       2065   system_lpc17xx.o
       252         18          0          4          0       1580   timer.o
       432         28          0          2        256       6742   uart.o

    ----------------------------------------------------------------------
     13258        606        236        188        768     102101   Object Totals
         0          0         32          0          0          0   (incl. Generated)
         0          0          0          3          0          1   (incl. Padding)

    ----------------------------------------------------------------------

      Code (inc. data)   RO Data    RW Data    ZI Data      Debug   Library Member Name

         8          0          0          0          0         68   __main.o
        52          8          0          0          0          0   __scatter.o
        26          0          0          0          0          0   __scatter_copy.o
        28          0          0          0          0          0   __scatter_zi.o
        12          0          0          0          0         68   exit.o
        12          6          0          0          0         68   fcheck.o
        12          6          0          0          0         68   fcheck1.o
       484         76          0          0          0         76   fdiv.o
        88          6          0          0          0         68   ffixu.o
        74          0          0          0          0         84   fnorm2_clz.o
        14          0          0          0          0         76   fpinit.o
       134          0          0          0          0         84   funder.o
         6          0          0          0          0        148   heapauxi.o
         6          0          0          0          0          0   libinit.o
         2          0          0          0          0          0   libinit2.o
         2          0          0          0          0          0   libshutdown.o
         2          0          0          0          0          0   libshutdown2.o
         8          4          0          0         96         68   libspace.o
       238          0          0          0          0        100   lludivv7m.o
       100          0          0          0          0         68   retnan.o
        12          6          0          0          0         68   rt_fp_status_addr_intlibspace.o
         0          0          0          0          0          0   rtentry.o
        12          0          0          0          0          0   rtentry2.o
         6          0          0          0          0          0   rtentry4.o
         2          0          0          0          0          0   rtexit.o
        10          0          0          0          0          0   rtexit2.o
        20         10          0          0          0         68   sys_exit.o
        74          0          0          0          0         80   sys_stackheap_outer.o
        48          0          0          0          0         68   trapv.o
         2          0          0          0          0         68   use_no_semi.o
         0          0          0          0          0          0   usenofp.o

    ----------------------------------------------------------------------
      1506        122          0          0        100       1396   Library Totals
        12          0          0          0          4          0   (incl. Padding)

    ----------------------------------------------------------------------

      Code (inc. data)   RO Data    RW Data    ZI Data      Debug   Library Name

       528         28          0          0         96        736   c_w.l
       966         94          0          0          0        660   fz_ws.l

    ----------------------------------------------------------------------
      1506        122          0          0        100       1396   Library Totals

    ----------------------------------------------------------------------

==============================================================================


      Code (inc. data)   RO Data    RW Data    ZI Data      Debug   

     14764        728        236        188        868     101448   Grand Totals
     14764        728        236        188        868     101448   ELF Image Totals
     14764        728        236        188          0          0   ROM Totals

==============================================================================

    Total RO  Size (Code + RO Data)                15000 (  14.65kB)
    Total RW  Size (RW Data + ZI Data)              1056 (   1.03kB)
    Total ROM Size (Code + RO Data + RW Data)      15188 (  14.83kB)

==============================================================================

