<html>
<body>
<pre>
<h1>µVision Build Log</h1>
<h2>Project:</h2>
E:\weigaoyu\¹¤×÷\2806\ProbeBoard\Prj\ProbeBoard.uvproj
Project File Date:  04/26/2017

<h2>Output:</h2>
Build target 'flash'
assembling startup_LPC17xx.s...
compiling lpc17xx_timer.c...
compiling lpc17xx_uart.c...
compiling lpc17xx_gpio.c...
compiling lpc17xx_iap.c...
compiling lpc17xx_nvic.c...
compiling lpc17xx_pinsel.c...
compiling lpc17xx_clkpwr.c...
compiling lpc17xx_pwm.c...
compiling system_LPC17xx.c...
compiling main.c...
linking...
Program Size: Code=1652 RO-data=228 RW-data=0 ZI-data=608  
FromELF: creating hex file...
".\obj\ProbeBoard.axf" - 0 Error(s), 0 Warning(s).
Build target 'flash'
linking...
Program Size: Code=1652 RO-data=228 RW-data=0 ZI-data=608  
FromELF: creating hex file...
".\obj\ProbeBoard.axf" - 0 Error(s), 0 Warning(s).
